{
    "stdout5,v": {
        "modified": "2005-07-12 14:11:16",
        "size": "1.24KB",
        "md5": "c096b26ff343b928d5fad77b15951ede",
        "sha256": "3ce180443d048c4d703d4d19f87c927fb6722e2401dc835775a60285acff998f"
    },
    "Metadata": {
        "Content-Encoding": "ISO-8859-1",
        "Content-Type": "text/plain; charset=ISO-8859-1",
        "X-Parsed-By": [
            "org.apache.tika.parser.DefaultParser",
            "org.apache.tika.parser.csv.TextAndCSVParser"
        ],
        "X-TIKA:content_handler": "ToTextContentHandler",
        "X-TIKA:embedded_depth": "0",
        "X-TIKA:parse_time_millis": "1",
        "resourceName": "b'stdout5,v'"
    }
}