{
    "stderr8,v": {
        "modified": "2005-07-12 14:11:16",
        "size": "3.37KB",
        "md5": "ee7e4e46cdf6a74f1ddb68ff2b4f08bc",
        "sha256": "0e83362050548072390ac3525c5e8450f75dfb557ff04edb7f24789815d42995"
    },
    "Metadata": {
        "Content-Encoding": "ISO-8859-1",
        "Content-Type": "text/plain; charset=ISO-8859-1",
        "X-Parsed-By": [
            "org.apache.tika.parser.DefaultParser",
            "org.apache.tika.parser.csv.TextAndCSVParser"
        ],
        "X-TIKA:content_handler": "ToTextContentHandler",
        "X-TIKA:embedded_depth": "0",
        "X-TIKA:parse_time_millis": "1",
        "resourceName": "b'stderr8,v'"
    }
}