{
    "stderr1,v": {
        "modified": "2006-02-23 14:38:38",
        "size": "23.56KB",
        "md5": "23abc1488e439ef3a3d7f6bb1a583c02",
        "sha256": "4774ca9be8c6692e65cf880988e53086806e6ad2d3f99d929db3c8c289e929d1"
    },
    "Metadata": {
        "Content-Encoding": "ISO-8859-1",
        "Content-Type": "text/plain; charset=ISO-8859-1",
        "X-Parsed-By": [
            "org.apache.tika.parser.DefaultParser",
            "org.apache.tika.parser.csv.TextAndCSVParser"
        ],
        "X-TIKA:content_handler": "ToTextContentHandler",
        "X-TIKA:embedded_depth": "0",
        "X-TIKA:parse_time_millis": "2",
        "resourceName": "b'stderr1,v'"
    }
}