{
    "stdout1,v": {
        "modified": "2006-02-23 14:38:38",
        "size": "2.29KB",
        "md5": "d5b2e4b87684258390923bc48a437401",
        "sha256": "3de8b05afa2f7a412375e95cd72add124d19985df835fb61284cc813007a3a94"
    },
    "Metadata": {
        "Content-Encoding": "ISO-8859-1",
        "Content-Type": "text/plain; charset=ISO-8859-1",
        "X-Parsed-By": [
            "org.apache.tika.parser.DefaultParser",
            "org.apache.tika.parser.csv.TextAndCSVParser"
        ],
        "X-TIKA:content_handler": "ToTextContentHandler",
        "X-TIKA:embedded_depth": "0",
        "X-TIKA:parse_time_millis": "1",
        "resourceName": "b'stdout1,v'"
    }
}