{
    "fat8.gz,v": {
        "modified": "2005-07-12 14:11:17",
        "size": "0.8KB",
        "md5": "1825beaa65483c6ffed0e128260fdc39",
        "sha256": "d152addf90580692ec4008a77b1e1c9a73ccf1a73a2c87493998540000f564d8"
    },
    "Metadata": {
        "Content-Type": "application/octet-stream",
        "X-Parsed-By": "org.apache.tika.parser.EmptyParser",
        "X-TIKA:embedded_depth": "0",
        "X-TIKA:parse_time_millis": "0",
        "resourceName": "b'fat8.gz,v'"
    }
}