{
    "stderr4,v": {
        "modified": "2005-07-12 14:11:17",
        "size": "2.58KB",
        "md5": "07e612ba45f7f233b16012df54f1c454",
        "sha256": "ec6ecf5390effb75895cf356e079bbe2c6dbd1589869f2593f128f2743928242"
    },
    "Metadata": {
        "Content-Encoding": "ISO-8859-1",
        "Content-Type": "text/plain; charset=ISO-8859-1",
        "X-Parsed-By": [
            "org.apache.tika.parser.DefaultParser",
            "org.apache.tika.parser.csv.TextAndCSVParser"
        ],
        "X-TIKA:content_handler": "ToTextContentHandler",
        "X-TIKA:embedded_depth": "0",
        "X-TIKA:parse_time_millis": "0",
        "resourceName": "b'stderr4,v'"
    }
}