{
    "stderr3,v": {
        "modified": "2005-07-12 14:11:17",
        "size": "2.62KB",
        "md5": "fdf7a6fd70b377f23194e15956d0edf2",
        "sha256": "9f1c93b117260015ae9c418459d005712999793588bed99f85294e33dc533773"
    },
    "Metadata": {
        "Content-Encoding": "ISO-8859-1",
        "Content-Type": "text/plain; charset=ISO-8859-1",
        "X-Parsed-By": [
            "org.apache.tika.parser.DefaultParser",
            "org.apache.tika.parser.csv.TextAndCSVParser"
        ],
        "X-TIKA:content_handler": "ToTextContentHandler",
        "X-TIKA:embedded_depth": "0",
        "X-TIKA:parse_time_millis": "0",
        "resourceName": "b'stderr3,v'"
    }
}