{
    "stderr4,v": {
        "modified": "2005-07-12 14:11:17",
        "size": "4.5KB",
        "md5": "1b16bfc3706d090279b62961e66ea4c7",
        "sha256": "7fe855573d1ee4a42cbaca56bd84a7d0ed3f9fa07c637d151fc71591375e8926"
    },
    "Metadata": {
        "Content-Encoding": "ISO-8859-1",
        "Content-Type": "text/plain; charset=ISO-8859-1",
        "X-Parsed-By": [
            "org.apache.tika.parser.DefaultParser",
            "org.apache.tika.parser.csv.TextAndCSVParser"
        ],
        "X-TIKA:content_handler": "ToTextContentHandler",
        "X-TIKA:embedded_depth": "0",
        "X-TIKA:parse_time_millis": "0",
        "resourceName": "b'stderr4,v'"
    }
}