{
    "stdout2,v": {
        "modified": "2005-07-12 14:11:17",
        "size": "0.53KB",
        "md5": "ad8444f813dfe96f504879c618ca6074",
        "sha256": "6a26ea6b2b2ad7b02de567af975564a8b6ee8007ba12936dc198e3a726a635f3"
    },
    "Metadata": {
        "Content-Encoding": "ISO-8859-1",
        "Content-Type": "text/plain; charset=ISO-8859-1",
        "X-Parsed-By": [
            "org.apache.tika.parser.DefaultParser",
            "org.apache.tika.parser.csv.TextAndCSVParser"
        ],
        "X-TIKA:content_handler": "ToTextContentHandler",
        "X-TIKA:embedded_depth": "0",
        "X-TIKA:parse_time_millis": "1",
        "resourceName": "b'stdout2,v'"
    }
}