{
    "stdout7,v": {
        "modified": "2006-02-23 14:38:38",
        "size": "0.69KB",
        "md5": "8ac45141e19b8f9509ed82e34306cc3a",
        "sha256": "d234e2e0d3f5bd5fc8e23a55d3f0f981289ebf202dd7a6e6a813cb424476fcfb"
    },
    "Metadata": {
        "Content-Encoding": "ISO-8859-1",
        "Content-Type": "text/plain; charset=ISO-8859-1",
        "X-Parsed-By": [
            "org.apache.tika.parser.DefaultParser",
            "org.apache.tika.parser.csv.TextAndCSVParser"
        ],
        "X-TIKA:content_handler": "ToTextContentHandler",
        "X-TIKA:embedded_depth": "0",
        "X-TIKA:parse_time_millis": "0",
        "resourceName": "b'stdout7,v'"
    }
}