{
    "fat2.gz,v": {
        "modified": "2005-07-12 14:11:17",
        "size": "0.78KB",
        "md5": "853b05512316461576da154d3db0c066",
        "sha256": "23aa7ab4e5b7964f0f254cdb45ead22266748559f580a68aad253096f389046e"
    },
    "Metadata": {
        "Content-Type": "application/octet-stream",
        "X-Parsed-By": "org.apache.tika.parser.EmptyParser",
        "X-TIKA:embedded_depth": "0",
        "X-TIKA:parse_time_millis": "0",
        "resourceName": "b'fat2.gz,v'"
    }
}