{
    "stderr9,v": {
        "modified": "2005-07-12 14:11:17",
        "size": "1.94KB",
        "md5": "4930ca6892e569bb37df34d3926b398c",
        "sha256": "e21c3a4d10be8a325ad338bdf39dc8ff31082bedbc50c73c3eae515221be0682"
    },
    "Metadata": {
        "Content-Encoding": "ISO-8859-1",
        "Content-Type": "text/plain; charset=ISO-8859-1",
        "X-Parsed-By": [
            "org.apache.tika.parser.DefaultParser",
            "org.apache.tika.parser.csv.TextAndCSVParser"
        ],
        "X-TIKA:content_handler": "ToTextContentHandler",
        "X-TIKA:embedded_depth": "0",
        "X-TIKA:parse_time_millis": "0",
        "resourceName": "b'stderr9,v'"
    }
}