{
    "fat4.gz,v": {
        "modified": "2006-02-23 14:38:38",
        "size": "1.01KB",
        "md5": "9492d33311012b6b035a5e3d626a8577",
        "sha256": "34791e26a45319fbbcac71db775d832fe1743335254368bd13453c077602d24f"
    },
    "Metadata": {
        "Content-Type": "application/octet-stream",
        "X-Parsed-By": "org.apache.tika.parser.EmptyParser",
        "X-TIKA:embedded_depth": "0",
        "X-TIKA:parse_time_millis": "1",
        "resourceName": "b'fat4.gz,v'"
    }
}