{
    "stdoutb,v": {
        "modified": "2006-02-23 14:38:38",
        "size": "0.74KB",
        "md5": "0390eab00c89ccfd74c630c47cbfcc81",
        "sha256": "4099d725cdb7ac186129f1196aa01ca5aa522e7544ca12c161c9623246aeb43f"
    },
    "Metadata": {
        "Content-Encoding": "ISO-8859-1",
        "Content-Type": "text/plain; charset=ISO-8859-1",
        "X-Parsed-By": [
            "org.apache.tika.parser.DefaultParser",
            "org.apache.tika.parser.csv.TextAndCSVParser"
        ],
        "X-TIKA:content_handler": "ToTextContentHandler",
        "X-TIKA:embedded_depth": "0",
        "X-TIKA:parse_time_millis": "1",
        "resourceName": "b'stdoutb,v'"
    }
}