{
    "fat1.gz,v": {
        "modified": "2006-02-23 14:38:38",
        "size": "1.01KB",
        "md5": "df7176fffc841fb6436f25a15585161a",
        "sha256": "e1770e2c2d08ef2f24131b054e9a230d4a968fbe3f654ef2227ae0e821ac6d0d"
    },
    "Metadata": {
        "Content-Type": "application/octet-stream",
        "X-Parsed-By": "org.apache.tika.parser.EmptyParser",
        "X-TIKA:embedded_depth": "0",
        "X-TIKA:parse_time_millis": "0",
        "resourceName": "b'fat1.gz,v'"
    }
}