{
    "fat4.gz,v": {
        "modified": "2006-02-23 14:38:38",
        "size": "1.01KB",
        "md5": "2b5bf1854889c57ff8ecf2d8c8179579",
        "sha256": "2cadd86921434548374698241030c383aef9a249dab41df1cf1348baa55c7f44"
    },
    "Metadata": {
        "Content-Type": "application/octet-stream",
        "X-Parsed-By": "org.apache.tika.parser.EmptyParser",
        "X-TIKA:embedded_depth": "0",
        "X-TIKA:parse_time_millis": "1",
        "resourceName": "b'fat4.gz,v'"
    }
}