{
    "fata.gz,v": {
        "modified": "2006-02-23 14:38:38",
        "size": "1.07KB",
        "md5": "d2751784124dea86c625532442b83b24",
        "sha256": "a0125a2d89cde8ff4f74cbda613386702c3a449595951560e20cb56974538906"
    },
    "Metadata": {
        "Content-Type": "application/octet-stream",
        "X-Parsed-By": "org.apache.tika.parser.EmptyParser",
        "X-TIKA:embedded_depth": "0",
        "X-TIKA:parse_time_millis": "1",
        "resourceName": "b'fata.gz,v'"
    }
}