{
    "stderr8,v": {
        "modified": "2006-02-23 14:38:38",
        "size": "2.17KB",
        "md5": "d76a1641483583a4ed5d524804642d12",
        "sha256": "571d903e7fb1961e5a29f0868fe70099d2ed249fcafc3e0b2b78d4c54a72b80b"
    },
    "Metadata": {
        "Content-Encoding": "ISO-8859-1",
        "Content-Type": "text/plain; charset=ISO-8859-1",
        "X-Parsed-By": [
            "org.apache.tika.parser.DefaultParser",
            "org.apache.tika.parser.csv.TextAndCSVParser"
        ],
        "X-TIKA:content_handler": "ToTextContentHandler",
        "X-TIKA:embedded_depth": "0",
        "X-TIKA:parse_time_millis": "1",
        "resourceName": "b'stderr8,v'"
    }
}