{
    "stderrb,v": {
        "modified": "2006-02-23 14:38:38",
        "size": "2.3KB",
        "md5": "c96a50c9e74d3006180e1713639ff23d",
        "sha256": "a8b2389d86d45bfb28c6578c6ec9a3de3de0705d9340f8d960e2021cf9a13efd"
    },
    "Metadata": {
        "Content-Encoding": "ISO-8859-1",
        "Content-Type": "text/plain; charset=ISO-8859-1",
        "X-Parsed-By": [
            "org.apache.tika.parser.DefaultParser",
            "org.apache.tika.parser.csv.TextAndCSVParser"
        ],
        "X-TIKA:content_handler": "ToTextContentHandler",
        "X-TIKA:embedded_depth": "0",
        "X-TIKA:parse_time_millis": "0",
        "resourceName": "b'stderrb,v'"
    }
}