{
    "rpt.msg.CDFG-500,v": {
        "modified": "2008-10-15 14:05:32",
        "size": "4.34KB",
        "md5": "c3a6e9431d110764a90868305ac4fb4e",
        "sha256": "fa53229570ea1bc1e6cfc085ca8ebac0e71d69bab50ca8e5ef5b8ab66b633f98"
    },
    "Metadata": {
        "Content-Encoding": "ISO-8859-1",
        "Content-Type": "text/plain; charset=ISO-8859-1",
        "X-Parsed-By": [
            "org.apache.tika.parser.DefaultParser",
            "org.apache.tika.parser.csv.TextAndCSVParser"
        ],
        "X-TIKA:content_handler": "ToTextContentHandler",
        "X-TIKA:embedded_depth": "0",
        "X-TIKA:parse_time_millis": "1",
        "resourceName": "b'rpt.msg.CDFG-500,v'"
    }
}