{
    "fat7.gz,v": {
        "modified": "2005-07-12 14:11:17",
        "size": "0.83KB",
        "md5": "109d7c4bb4c5327992c54bbc4b75c742",
        "sha256": "8e67d52aaf3ffaa193a6042e17cabd9c72537de2e19910ef4b5caf056714ee02"
    },
    "Metadata": {
        "Content-Type": "application/octet-stream",
        "X-Parsed-By": "org.apache.tika.parser.EmptyParser",
        "X-TIKA:embedded_depth": "0",
        "X-TIKA:parse_time_millis": "1",
        "resourceName": "b'fat7.gz,v'"
    }
}