{
    "stderr8,v": {
        "modified": "2005-07-12 14:11:17",
        "size": "1.86KB",
        "md5": "35940920e64b44ba43e423fd451ce4ab",
        "sha256": "52804ce063a67f7b4ac4f8a81fadd8ef524b97fb4e47b0fb98535a124bd72b31"
    },
    "Metadata": {
        "Content-Encoding": "ISO-8859-1",
        "Content-Type": "text/plain; charset=ISO-8859-1",
        "X-Parsed-By": [
            "org.apache.tika.parser.DefaultParser",
            "org.apache.tika.parser.csv.TextAndCSVParser"
        ],
        "X-TIKA:content_handler": "ToTextContentHandler",
        "X-TIKA:embedded_depth": "0",
        "X-TIKA:parse_time_millis": "1",
        "resourceName": "b'stderr8,v'"
    }
}