{
    "stderr6,v": {
        "modified": "2005-07-12 14:11:17",
        "size": "2.56KB",
        "md5": "acada9321abfbd054d1aa4b80f8d6c1a",
        "sha256": "41927faa2ab8bb2807042d64f369e4f96a7172e729bfd6661e32432a8c637521"
    },
    "Metadata": {
        "Content-Encoding": "ISO-8859-1",
        "Content-Type": "text/plain; charset=ISO-8859-1",
        "X-Parsed-By": [
            "org.apache.tika.parser.DefaultParser",
            "org.apache.tika.parser.csv.TextAndCSVParser"
        ],
        "X-TIKA:content_handler": "ToTextContentHandler",
        "X-TIKA:embedded_depth": "0",
        "X-TIKA:parse_time_millis": "0",
        "resourceName": "b'stderr6,v'"
    }
}