{
    "stderrb,v": {
        "modified": "2005-07-12 14:11:17",
        "size": "1.99KB",
        "md5": "925763b72a2935d2870b09650dd6e1ef",
        "sha256": "0442df8416fea1081a7a9bbc61448ed517ef65256e70c157819f3e442ce6b79e"
    },
    "Metadata": {
        "Content-Encoding": "ISO-8859-1",
        "Content-Type": "text/plain; charset=ISO-8859-1",
        "X-Parsed-By": [
            "org.apache.tika.parser.DefaultParser",
            "org.apache.tika.parser.csv.TextAndCSVParser"
        ],
        "X-TIKA:content_handler": "ToTextContentHandler",
        "X-TIKA:embedded_depth": "0",
        "X-TIKA:parse_time_millis": "1",
        "resourceName": "b'stderrb,v'"
    }
}