{
    "fatb.gz,v": {
        "modified": "2005-07-12 14:11:17",
        "size": "0.82KB",
        "md5": "65c2e5339fa3dce7c884336721757a3d",
        "sha256": "b450e26ab52c1f0eb91e81eb048882bba78fdaec337591fc0260f9f403293bd3"
    },
    "Metadata": {
        "Content-Type": "application/octet-stream",
        "X-Parsed-By": "org.apache.tika.parser.EmptyParser",
        "X-TIKA:embedded_depth": "0",
        "X-TIKA:parse_time_millis": "0",
        "resourceName": "b'fatb.gz,v'"
    }
}