{
    "stderr9,v": {
        "modified": "2005-07-12 14:11:17",
        "size": "1.95KB",
        "md5": "74282caa1b7d6d6f53b8aae83348cf73",
        "sha256": "6d77f557d386533dc8f4b1081fee287e0eb524ca7831030273005f22026ddc2e"
    },
    "Metadata": {
        "Content-Encoding": "ISO-8859-1",
        "Content-Type": "text/plain; charset=ISO-8859-1",
        "X-Parsed-By": [
            "org.apache.tika.parser.DefaultParser",
            "org.apache.tika.parser.csv.TextAndCSVParser"
        ],
        "X-TIKA:content_handler": "ToTextContentHandler",
        "X-TIKA:embedded_depth": "0",
        "X-TIKA:parse_time_millis": "0",
        "resourceName": "b'stderr9,v'"
    }
}