{
    "stderr3,v": {
        "modified": "2005-07-12 14:11:17",
        "size": "2.62KB",
        "md5": "0dd01073c4345a633f6fab6031033c3f",
        "sha256": "50edbbc9323bba249373242ecb43f971bbe1f56f934672eb6561b26188cf8b65"
    },
    "Metadata": {
        "Content-Encoding": "ISO-8859-1",
        "Content-Type": "text/plain; charset=ISO-8859-1",
        "X-Parsed-By": [
            "org.apache.tika.parser.DefaultParser",
            "org.apache.tika.parser.csv.TextAndCSVParser"
        ],
        "X-TIKA:content_handler": "ToTextContentHandler",
        "X-TIKA:embedded_depth": "0",
        "X-TIKA:parse_time_millis": "0",
        "resourceName": "b'stderr3,v'"
    }
}