{
    "stderr1,v": {
        "modified": "2005-07-12 14:11:17",
        "size": "22.71KB",
        "md5": "13ea3dd43b82cf908be6c9e406c7c6cc",
        "sha256": "b589ef64711749bd41802617ce43f706ebd5e40abcdf3871f09a12b720cdb893"
    },
    "Metadata": {
        "Content-Encoding": "ISO-8859-1",
        "Content-Type": "text/plain; charset=ISO-8859-1",
        "X-Parsed-By": [
            "org.apache.tika.parser.DefaultParser",
            "org.apache.tika.parser.csv.TextAndCSVParser"
        ],
        "X-TIKA:content_handler": "ToTextContentHandler",
        "X-TIKA:embedded_depth": "0",
        "X-TIKA:parse_time_millis": "2",
        "resourceName": "b'stderr1,v'"
    }
}