{
    "Encoding01.txt,v": {
        "modified": "2006-02-23 14:41:55",
        "size": "1.1KB",
        "md5": "20277078c3e1ef0131bc54633d0fa91e",
        "sha256": "86af4c9325e72fa4d0b9f90bdb94bcc126be341df1cf7866407e17d1f69f0213"
    },
    "Metadata": {
        "Content-Encoding": "ISO-8859-1",
        "Content-Type": "text/plain; charset=ISO-8859-1",
        "X-Parsed-By": [
            "org.apache.tika.parser.DefaultParser",
            "org.apache.tika.parser.csv.TextAndCSVParser"
        ],
        "X-TIKA:content_handler": "ToTextContentHandler",
        "X-TIKA:embedded_depth": "0",
        "X-TIKA:parse_time_millis": "0",
        "resourceName": "b'Encoding01.txt,v'"
    }
}