{
    "Include07.txt,v": {
        "modified": "2006-02-23 14:41:55",
        "size": "1.13KB",
        "md5": "7be85618f3f797a734a31bc761b1a2c5",
        "sha256": "faef340389f66b7ffa6e7916f4846332995fdf3f1ff00915cc55f18d6f36b788"
    },
    "Metadata": {
        "Content-Encoding": "ISO-8859-1",
        "Content-Type": "text/plain; charset=ISO-8859-1",
        "X-Parsed-By": [
            "org.apache.tika.parser.DefaultParser",
            "org.apache.tika.parser.csv.TextAndCSVParser"
        ],
        "X-TIKA:content_handler": "ToTextContentHandler",
        "X-TIKA:embedded_depth": "0",
        "X-TIKA:parse_time_millis": "1",
        "resourceName": "b'Include07.txt,v'"
    }
}