{
    "increment.txt,v": {
        "modified": "2006-02-23 14:41:55",
        "size": "1.4KB",
        "md5": "b0f38ee1a53007de0b20563c0ac12c8c",
        "sha256": "8f0a75b0f1f7b554fd6c915bcc2de9cdb7c233a47ce1468e376e07b50a8b3ace"
    },
    "Metadata": {
        "Content-Encoding": "ISO-8859-1",
        "Content-Type": "text/plain; charset=ISO-8859-1",
        "X-Parsed-By": [
            "org.apache.tika.parser.DefaultParser",
            "org.apache.tika.parser.csv.TextAndCSVParser"
        ],
        "X-TIKA:content_handler": "ToTextContentHandler",
        "X-TIKA:embedded_depth": "0",
        "X-TIKA:parse_time_millis": "0",
        "resourceName": "b'increment.txt,v'"
    }
}