{
    "modifyall.txt,v": {
        "modified": "2006-02-23 14:41:55",
        "size": "1.13KB",
        "md5": "bc08e938f6d0e60398e0f934c53d770f",
        "sha256": "dab984f77b0847c2f28e691e510ef347444cb0e639f08ee1b31318872c45ed5c"
    },
    "Metadata": {
        "Content-Encoding": "ISO-8859-1",
        "Content-Type": "text/plain; charset=ISO-8859-1",
        "X-Parsed-By": [
            "org.apache.tika.parser.DefaultParser",
            "org.apache.tika.parser.csv.TextAndCSVParser"
        ],
        "X-TIKA:content_handler": "ToTextContentHandler",
        "X-TIKA:embedded_depth": "0",
        "X-TIKA:parse_time_millis": "0",
        "resourceName": "b'modifyall.txt,v'"
    }
}