{
    "SSIConditional02.txt,v": {
        "modified": "2006-02-23 14:41:55",
        "size": "1.09KB",
        "md5": "0a247c64f2af8d5705f1b091431d1f63",
        "sha256": "b979073b225bb40f64ad0ad032f28f624da0b2b9c33341ffd101a5b24277d76e"
    },
    "Metadata": {
        "Content-Encoding": "ISO-8859-1",
        "Content-Type": "text/plain; charset=ISO-8859-1",
        "X-Parsed-By": [
            "org.apache.tika.parser.DefaultParser",
            "org.apache.tika.parser.csv.TextAndCSVParser"
        ],
        "X-TIKA:content_handler": "ToTextContentHandler",
        "X-TIKA:embedded_depth": "0",
        "X-TIKA:parse_time_millis": "1",
        "resourceName": "b'SSIConditional02.txt,v'"
    }
}