{
    "SSIConfig01.txt,v": {
        "modified": "2006-02-23 14:41:55",
        "size": "1.08KB",
        "md5": "93bf15a62a3d064722a8ff51dad4f301",
        "sha256": "4cec8dcde9b0462c665cbdda2578e1b6423f64a3f0586905f1c7b572cdfd1ab7"
    },
    "Metadata": {
        "Content-Encoding": "ISO-8859-1",
        "Content-Type": "text/plain; charset=ISO-8859-1",
        "X-Parsed-By": [
            "org.apache.tika.parser.DefaultParser",
            "org.apache.tika.parser.csv.TextAndCSVParser"
        ],
        "X-TIKA:content_handler": "ToTextContentHandler",
        "X-TIKA:embedded_depth": "0",
        "X-TIKA:parse_time_millis": "0",
        "resourceName": "b'SSIConfig01.txt,v'"
    }
}