{
    "SSIInclude01.txt,v": {
        "modified": "2006-02-23 14:41:55",
        "size": "1.05KB",
        "md5": "08daed29345dcbb9fefffd423eab3302",
        "sha256": "192e1beeb956ec9416030a76de241875d0dd2b86526d94a58975c6bea332cc82"
    },
    "Metadata": {
        "Content-Encoding": "ISO-8859-1",
        "Content-Type": "text/plain; charset=ISO-8859-1",
        "X-Parsed-By": [
            "org.apache.tika.parser.DefaultParser",
            "org.apache.tika.parser.csv.TextAndCSVParser"
        ],
        "X-TIKA:content_handler": "ToTextContentHandler",
        "X-TIKA:embedded_depth": "0",
        "X-TIKA:parse_time_millis": "0",
        "resourceName": "b'SSIInclude01.txt,v'"
    }
}