{
    "stderrb,v": {
        "modified": "2006-02-23 14:38:38",
        "size": "2.29KB",
        "md5": "cd2260485da42279b8c041b26ebb98d3",
        "sha256": "d408968c18c9d6b37c7dde533d8db9f1e7664f8b8abbc9aadc7092c53731251d"
    },
    "Metadata": {
        "Content-Encoding": "ISO-8859-1",
        "Content-Type": "text/plain; charset=ISO-8859-1",
        "X-Parsed-By": [
            "org.apache.tika.parser.DefaultParser",
            "org.apache.tika.parser.csv.TextAndCSVParser"
        ],
        "X-TIKA:content_handler": "ToTextContentHandler",
        "X-TIKA:embedded_depth": "0",
        "X-TIKA:parse_time_millis": "1",
        "resourceName": "b'stderrb,v'"
    }
}