{
    "stderr6,v": {
        "modified": "2006-02-23 14:38:38",
        "size": "1.69KB",
        "md5": "fa24eb0d9cb1f7c3bfb567ec0efc3f66",
        "sha256": "5a95f5747ff7ddaed9299e56b90b29a466160ec9f53cfd0957592038ef5f4ba8"
    },
    "Metadata": {
        "Content-Encoding": "ISO-8859-1",
        "Content-Type": "text/plain; charset=ISO-8859-1",
        "X-Parsed-By": [
            "org.apache.tika.parser.DefaultParser",
            "org.apache.tika.parser.csv.TextAndCSVParser"
        ],
        "X-TIKA:content_handler": "ToTextContentHandler",
        "X-TIKA:embedded_depth": "0",
        "X-TIKA:parse_time_millis": "1",
        "resourceName": "b'stderr6,v'"
    }
}