{
    "pak.bnd2,v": {
        "modified": "2005-07-12 14:11:17",
        "size": "16.28KB",
        "md5": "60ab195fc892333bfc27eb40f0ffc0e2",
        "sha256": "2889851d3af1bfa44c10e1ac00fb7d78550d89b46c278493ce63a1926dedb7c9"
    },
    "Metadata": {
        "Content-Type": "application/octet-stream",
        "X-Parsed-By": "org.apache.tika.parser.EmptyParser",
        "X-TIKA:embedded_depth": "0",
        "X-TIKA:parse_time_millis": "1",
        "resourceName": "b'pak.bnd2,v'"
    }
}