{
    "fat8.gz,v": {
        "modified": "2005-07-12 14:11:17",
        "size": "0.79KB",
        "md5": "e1e7856843b60428fbf13c4054e9609b",
        "sha256": "c661967dde3e001d19a4e07a8f9aef47abb76ce431550e8e89ad43899396de78"
    },
    "Metadata": {
        "Content-Type": "application/octet-stream",
        "X-Parsed-By": "org.apache.tika.parser.EmptyParser",
        "X-TIKA:embedded_depth": "0",
        "X-TIKA:parse_time_millis": "1",
        "resourceName": "b'fat8.gz,v'"
    }
}