{
    "fata.gz,v": {
        "modified": "2005-07-12 14:11:17",
        "size": "0.81KB",
        "md5": "44fe926db6cb3c1dc7c9b88988a1fd2b",
        "sha256": "f79a957d0a92b2a465cf5ab8c3f8e26e8686e0f718b784b20aa7866e0b543317"
    },
    "Metadata": {
        "Content-Type": "application/octet-stream",
        "X-Parsed-By": "org.apache.tika.parser.EmptyParser",
        "X-TIKA:embedded_depth": "0",
        "X-TIKA:parse_time_millis": "0",
        "resourceName": "b'fata.gz,v'"
    }
}