{
    "stderr8,v": {
        "modified": "2005-07-12 14:11:17",
        "size": "1.92KB",
        "md5": "9d0c2e8983e124c38522988f31696f37",
        "sha256": "c8b9edfc98620157014ea493f63b31fa09c4211f65f592b80b44cf142daadfe4"
    },
    "Metadata": {
        "Content-Encoding": "ISO-8859-1",
        "Content-Type": "text/plain; charset=ISO-8859-1",
        "X-Parsed-By": [
            "org.apache.tika.parser.DefaultParser",
            "org.apache.tika.parser.csv.TextAndCSVParser"
        ],
        "X-TIKA:content_handler": "ToTextContentHandler",
        "X-TIKA:embedded_depth": "0",
        "X-TIKA:parse_time_millis": "0",
        "resourceName": "b'stderr8,v'"
    }
}