{
    "stdout7,v": {
        "modified": "2005-07-12 14:11:17",
        "size": "0.44KB",
        "md5": "3ca17674f1bdc38cefc89f8a29cb1665",
        "sha256": "ae26b3e539055e7a31989fb3a7961d6e65873fce7175d2a3f537e81b6764efdf"
    },
    "Metadata": {
        "Content-Encoding": "ISO-8859-1",
        "Content-Type": "text/plain; charset=ISO-8859-1",
        "X-Parsed-By": [
            "org.apache.tika.parser.DefaultParser",
            "org.apache.tika.parser.csv.TextAndCSVParser"
        ],
        "X-TIKA:content_handler": "ToTextContentHandler",
        "X-TIKA:embedded_depth": "0",
        "X-TIKA:parse_time_millis": "1",
        "resourceName": "b'stdout7,v'"
    }
}