{
    "stderr1,v": {
        "modified": "2006-02-23 14:38:38",
        "size": "5.55KB",
        "md5": "0a37dd7cdb3943ab5673e57ce6b9406f",
        "sha256": "388ba7eefebde9e2554f7833de20a01ebe7d62bbbec6d203915d036aaa13ceb2"
    },
    "Metadata": {
        "Content-Encoding": "ISO-8859-1",
        "Content-Type": "text/plain; charset=ISO-8859-1",
        "X-Parsed-By": [
            "org.apache.tika.parser.DefaultParser",
            "org.apache.tika.parser.csv.TextAndCSVParser"
        ],
        "X-TIKA:content_handler": "ToTextContentHandler",
        "X-TIKA:embedded_depth": "0",
        "X-TIKA:parse_time_millis": "2",
        "resourceName": "b'stderr1,v'"
    }
}