{
    "fat7.gz,v": {
        "modified": "2006-02-23 14:38:38",
        "size": "1.07KB",
        "md5": "817a920dd1a41f3083201a85c183662b",
        "sha256": "5c27416f0d0062bc6c2871bcfe0a825b9ddb32a64f716e260eeae3fc7eb8d090"
    },
    "Metadata": {
        "Content-Type": "application/octet-stream",
        "X-Parsed-By": "org.apache.tika.parser.EmptyParser",
        "X-TIKA:embedded_depth": "0",
        "X-TIKA:parse_time_millis": "1",
        "resourceName": "b'fat7.gz,v'"
    }
}