{
    "stderr3,v": {
        "modified": "2006-02-23 14:38:38",
        "size": "1.67KB",
        "md5": "e6d37b0f0dfad0c0a74a3a93ec340bf1",
        "sha256": "9fe596c5ac35a8eb8318deffc2283cb42be99adba0cc7c529be0f719196cd510"
    },
    "Metadata": {
        "Content-Encoding": "ISO-8859-1",
        "Content-Type": "text/plain; charset=ISO-8859-1",
        "X-Parsed-By": [
            "org.apache.tika.parser.DefaultParser",
            "org.apache.tika.parser.csv.TextAndCSVParser"
        ],
        "X-TIKA:content_handler": "ToTextContentHandler",
        "X-TIKA:embedded_depth": "0",
        "X-TIKA:parse_time_millis": "1",
        "resourceName": "b'stderr3,v'"
    }
}