{
    "stdout5,v": {
        "modified": "2006-02-23 14:38:38",
        "size": "0.71KB",
        "md5": "1ecb27db59cc4fab7d2fb1b8fe87b383",
        "sha256": "cba79da4802863cdb4f490dd0c36d7cef0283047017f99a6706959b7d06c0877"
    },
    "Metadata": {
        "Content-Encoding": "ISO-8859-1",
        "Content-Type": "text/plain; charset=ISO-8859-1",
        "X-Parsed-By": [
            "org.apache.tika.parser.DefaultParser",
            "org.apache.tika.parser.csv.TextAndCSVParser"
        ],
        "X-TIKA:content_handler": "ToTextContentHandler",
        "X-TIKA:embedded_depth": "0",
        "X-TIKA:parse_time_millis": "0",
        "resourceName": "b'stdout5,v'"
    }
}