{
    "IMAGE03.RGB.GZ": {
        "modified": "1997-04-27 16:43:30",
        "size": "2.19KB",
        "md5": "2d95e5e935023157ff27ca5b1b564023",
        "sha256": "027b2cdb31675ad426641e414e3506c8ea88461acdd3687aa8e029ff74a41008"
    },
    "Metadata": {
        "Content-Type": [
            "application/gzip",
            "image/x-rgb"
        ],
        "X-Parsed-By": [
            "org.apache.tika.parser.DefaultParser",
            "org.apache.tika.parser.pkg.CompressorParser",
            "org.apache.tika.parser.EmptyParser"
        ],
        "X-TIKA:content_handler": "ToTextContentHandler",
        "X-TIKA:embedded_depth": [
            "0",
            "1"
        ],
        "X-TIKA:parse_time_millis": [
            "1",
            "0"
        ],
        "resourceName": [
            "b'IMAGE03.RGB.GZ'",
            "b'IMAGE03.RGB.GZ'"
        ],
        "X-TIKA:embedded_resource_path": "/b'IMAGE03.RGB.GZ'"
    }
}