{
    "IMAGE13.RGB.GZ": {
        "modified": "1997-04-27 16:43:34",
        "size": "2.6KB",
        "md5": "2485430e31eb7f164efab0e4932dd90d",
        "sha256": "e8c4f2e6cd5de3b2c624211d6d7a42063f57e1cec72ed78f8538d1e351cbbd00"
    },
    "Metadata": {
        "Content-Type": [
            "application/gzip",
            "image/x-rgb"
        ],
        "X-Parsed-By": [
            "org.apache.tika.parser.DefaultParser",
            "org.apache.tika.parser.pkg.CompressorParser",
            "org.apache.tika.parser.EmptyParser"
        ],
        "X-TIKA:content_handler": "ToTextContentHandler",
        "X-TIKA:embedded_depth": [
            "0",
            "1"
        ],
        "X-TIKA:parse_time_millis": [
            "1",
            "1"
        ],
        "resourceName": [
            "b'IMAGE13.RGB.GZ'",
            "b'IMAGE13.RGB.GZ'"
        ],
        "X-TIKA:embedded_resource_path": "/b'IMAGE13.RGB.GZ'"
    }
}