{
    "IMAGE29.RGB.GZ": {
        "modified": "1997-04-27 16:43:40",
        "size": "11.54KB",
        "md5": "fc60c940352d3edf86a3d92f590ea321",
        "sha256": "ac2c654fac6d95c3453727828183cc0927c2ab5848f5a44b2718c5f559af2105"
    },
    "Metadata": {
        "Content-Type": [
            "application/gzip",
            "image/x-rgb"
        ],
        "X-Parsed-By": [
            "org.apache.tika.parser.DefaultParser",
            "org.apache.tika.parser.pkg.CompressorParser",
            "org.apache.tika.parser.EmptyParser"
        ],
        "X-TIKA:content_handler": "ToTextContentHandler",
        "X-TIKA:embedded_depth": [
            "0",
            "1"
        ],
        "X-TIKA:parse_time_millis": [
            "1",
            "0"
        ],
        "resourceName": [
            "b'IMAGE29.RGB.GZ'",
            "b'IMAGE29.RGB.GZ'"
        ],
        "X-TIKA:embedded_resource_path": "/b'IMAGE29.RGB.GZ'"
    }
}