{
    "MIPMAP2.RDP.Z": {
        "modified": "1997-04-27 16:40:20",
        "size": "0.4KB",
        "md5": "6765c4372cd269592a983b4c3afab19a",
        "sha256": "51c58198a942f9358bee399769b54c884e38cd96409bb4e0d7e39cce609e0599"
    },
    "Metadata": {
        "Content-Type": [
            "application/x-compress",
            "application/octet-stream"
        ],
        "X-Parsed-By": [
            "org.apache.tika.parser.DefaultParser",
            "org.apache.tika.parser.pkg.CompressorParser",
            "org.apache.tika.parser.EmptyParser"
        ],
        "X-TIKA:content_handler": "ToTextContentHandler",
        "X-TIKA:embedded_depth": [
            "0",
            "1"
        ],
        "X-TIKA:parse_time_millis": [
            "2",
            "1"
        ],
        "resourceName": [
            "b'MIPMAP2.RDP.Z'",
            "b'MIPMAP2.RDP.Z'"
        ],
        "X-TIKA:embedded_resource_path": "/b'MIPMAP2.RDP.Z'"
    }
}